SQL> 
SQL> /** partie 2 **/
SQL> 
SQL> /** call to create_tables.sql **/
SQL> @../../TP0/create_tables.sql;
SQL> 
SQL> /**CREATE TABLES**/
SQL> 
SQL> CREATE TABLE CLIENT
  2  (
  3  NUMCLIENT INTEGER,
  4  CIV VARCHAR2(40),
  5  PRENOMCLIENT VARCHAR2(40),
  6  NOMCLIENT VARCHAR2(40),
  7  DATENAISSANCE DATE,
  8  ADRESSE VARCHAR2(100),
  9  TELPROF VARCHAR2(40),
 10  TELPRIV VARCHAR2(40),
 11  FAX VARCHAR2(40),
 12  CONSTRAINT PK_CLIENT PRIMARY KEY (NUMCLIENT)
 13  );

Table created.

SQL> 
SQL> CREATE TABLE EMPLOYE
  2  (
  3  NUMEMPLOYE INTEGER,
  4  PRENOMEMP VARCHAR2(40),
  5  NOMEMP VARCHAR2(40),
  6  CATEGORIE VARCHAR2(40),
  7  SALAIRE REAL,
  8  CONSTRAINT PK_EMPLOYE PRIMARY KEY (NUMEMPLOYE),
  9  CONSTRAINT CH_EMPLOYE CHECK (CATEGORIE IN ('MECANICIEN' , 'ASSISTANT'))
 10  );

Table created.

SQL> 
SQL> CREATE TABLE MARQUE (
  2  NUMMARQUE INTEGER,
  3  MARQUE VARCHAR2(40),
  4  PAYS VARCHAR2(40),
  5  CONSTRAINT PK_MARQUE PRIMARY KEY (NUMMARQUE)
  6  );

Table created.

SQL> 
SQL> CREATE TABLE MODELE (
  2  NUMMODELE INTEGER,
  3  NUMMARQUE INTEGER,
  4  MODELE VARCHAR2(40),
  5  CONSTRAINT PK_MODELE PRIMARY KEY (NUMMODELE),
  6  CONSTRAINT FK_MODELE_MARQUE FOREIGN KEY (NUMMARQUE) REFERENCES MARQUE(NUMMARQUE)
  7  );

Table created.

SQL> 
SQL> CREATE TABLE VEHICULE (
  2  NUMVEHICULE INTEGER,
  3  NUMCLIENT INTEGER,
  4  NUMMODELE INTEGER,
  5  NUMIMMAT INTEGER,
  6  ANNEE VARCHAR2(4),
  7  CONSTRAINT PK_VEHICULE PRIMARY KEY (NUMVEHICULE),
  8  CONSTRAINT FK_VEHICULE_CLIENT FOREIGN KEY (NUMCLIENT) REFERENCES CLIENT(NUMCLIENT),
  9  CONSTRAINT FK_VEHICULE_MODELE FOREIGN KEY (NUMMODELE) REFERENCES MODELE(NUMMODELE)
 10  );

Table created.

SQL> 
SQL> 
SQL> CREATE TABLE INTERVENTIONS (
  2  NUMINTERVENTION INTEGER,
  3  NUMVEHICULE INTEGER,
  4  TYPEINTERVENTION VARCHAR2(40),
  5  DATEDEBINTERV DATE,
  6  DATEFININTERV DATE,
  7  COUTINTERV REAL,
  8  CONSTRAINT PK_INTERVENTIONS PRIMARY KEY (NUMINTERVENTION),
  9  CONSTRAINT FK_INTERVENTIONS_VEHICULE FOREIGN KEY (NUMVEHICULE) REFERENCES VEHICULE(NUMVEHICULE)
 10  );

Table created.

SQL> 
SQL> 
SQL> 
SQL> CREATE TABLE INTERVENANT
  2  (
  3  NUMINTERVENTION INTEGER,
  4  NUMEMPLOYE INTEGER,
  5  DATEDEBUT DATE,
  6  DATEFIN DATE,
  7  CONSTRAINT PK_INTERVENANT PRIMARY KEY (NUMINTERVENTION, NUMEMPLOYE),
  8  CONSTRAINT FK_INTERVENANT_EMPLOYE FOREIGN KEY (NUMEMPLOYE)REFERENCES EMPLOYE,
  9  CONSTRAINT FK_INTERVENANT_INTERVENTIONS FOREIGN KEY (NUMINTERVENTION) REFERENCES INTERVENTIONS
 10  );

Table created.

SQL> 
SQL> /** 5 **/
SQL> ALTER TABLE EMPLOYE ADD DATEINSTALLATION DATE NULL;

Table altered.

SQL> 
SQL> /** 6 **/
SQL> AlTER TABLE EMPLOYE MODIFY CATEGORIE NOT NULL ;

Table altered.

SQL> AlTER TABLE EMPLOYE MODIFY SALAIRE NOT NULL ;

Table altered.

SQL> 
SQL> /** 7 **/
SQL> ALTER TABLE EMPLOYE MODIFY PRENOMEMP VARCHAR2(50);

Table altered.

SQL> ALTER TABLE EMPLOYE MODIFY PRENOMEMP VARCHAR2(20);

Table altered.

SQL> 
SQL> /** 8 **/
SQL> ALTER TABLE EMPLOYE DROP COLUMN DATEINSTALLATION;

Table altered.

SQL> SELECT COLUMN_NAME FROM USER_TAB_COLUMNS WHERE TABLE_NAME = 'CLIENT';

COLUMN_NAME                                                                     
------------------------------                                                  
NUMCLIENT                                                                       
CIV                                                                             
PRENOMCLIENT                                                                    
NOMCLIENT                                                                       
DATENAISSANCE                                                                   
ADRESSE                                                                         
TELPROF                                                                         
TELPRIV                                                                         
FAX                                                                             

9 rows selected.

SQL> 
SQL> /** 9 **/
SQL> ALTER TABLE CLIENT RENAME COLUMN ADRESSE TO ADRESSECLIENT;

Table altered.

SQL> SELECT COLUMN_NAME FROM USER_TAB_COLUMNS WHERE TABLE_NAME = 'CLIENT';

COLUMN_NAME                                                                     
------------------------------                                                  
NUMCLIENT                                                                       
CIV                                                                             
PRENOMCLIENT                                                                    
NOMCLIENT                                                                       
DATENAISSANCE                                                                   
ADRESSECLIENT                                                                   
TELPROF                                                                         
TELPRIV                                                                         
FAX                                                                             

9 rows selected.

SQL> 
SQL> /** 10 **/
SQL> ALTER TABLE INTERVENTIONS ADD CHECK (DATEDEBINTERV < DATEFININTERV);

Table altered.

SQL> 
SQL> /** PARTIE 3 **/
SQL> /** 11 **/
SQL> 
SQL> /** call to insert_data.sql**/
SQL> @../../TP0/insert_data.sql;
SQL> /** INSERTIONS **/
SQL> 
SQL> /*CLIENT */

Table altered.

SQL> INSERT INTO CLIENT VALUES(1,'MME','cherifa','mahbouba',to_date('08/08/1957', 'DD/MM/YYYY'),'cite 1013 logts bt 61 alger','0561381813','0562458714','');

1 row created.

SQL> INSERT INTO CLIENT VALUES(2,'MME','lamia','tahmi',to_date('31/12/1955', 'DD/MM/YYYY'),'cite bachedjarah batiment 38-bach djerrah-alger','05622467849','0561392487','');

1 row created.

SQL> INSERT INTO CLIENT VALUES(3,'MLE','ghania','diaf amrouni',to_date('31/12/1955', 'DD/MM/YYYY'),'43,rue abderrahmane sbaa belle vue-el harrach-alger','0523894562','0619430945','0562784254');

1 row created.

SQL> INSERT INTO CLIENT VALUES(4,'MLE','chahinaz','melek',to_date('27/06/1955', 'DD/MM/YYYY'),'hlm aissat idir cage 9 3eme etage-el harrache alger','0634613493','0562529463','');

1 row created.

SQL> INSERT INTO CLIENT VALUES(5,'MME','noura','techtache',to_date('22/03/1949', 'DD/MM/YYYY'),'16,route el djamila-ain benian-alger','0562757834','','0562757843');

1 row created.

SQL> INSERT INTO CLIENT VALUES(6,'MME','widad','touati',to_date('14/08/1965', 'DD/MM/YYYY'),'14 rue des freres aoudia-el mouradia-alger','0561243967','0561401836','');

1 row created.

SQL> INSERT INTO CLIENT VALUES(7,'MLE','faiza','abloul',to_date('28/10/1967', 'DD/MM/YYYY'),'cite diplomatique bt bleu 148 n 3 dergana-alger','0562935427','0561486203','');

1 row created.

SQL> INSERT INTO CLIENT VALUES(8,'MME','assia','horra',to_date('08/12/1963', 'DD/MM/YYYY'),'32 rue ahmed ouaked-dely brahim-alger','0561038500','','0562466733');

1 row created.

SQL> INSERT INTO CLIENT VALUES(9,'MLE','souad','mesbah',to_date('30/08/1972', 'DD/MM/YYYY'),'residence chabani-hydra-alger','0561024358','','');

1 row created.

SQL> INSERT INTO CLIENT VALUES(10,'MME','houda','grouda',to_date('20/02/1950', 'DD/MM/YYYY'),'epsp thniet elabed batna','0562939495','0561218456','');

1 row created.

SQL> INSERT INTO CLIENT VALUES(11,'MLE','saida','fenniche','','cite de lindependance larbaa blida','0645983165','0562014784','');

1 row created.

SQL> INSERT INTO CLIENT VALUES(12,'MME','samia','ouali',to_date('17/11/1966', 'DD/MM/YYYY'),'cite 200 logements bt1 n1-jijel','0561374812','0561277013','');

1 row created.

SQL> INSERT INTO CLIENT VALUES(13,'MME','fatiha','haddad',to_date('20/09/1980', 'DD/MM/YYYY'),'rue boufada lakhdarat-ain oulmane-setif','0647092453','0562442700','');

1 row created.

SQL> INSERT INTO CLIENT VALUES(14,'M','djamel','mati','','draa kebila hammam ghergour setif','0561390288','','0562375849');

1 row created.

SQL> INSERT INTO CLIENT VALUES(15,'M','mohammed','ghrair',to_date('24/06/1950', 'DD/MM/YYYY'),'cite jeanne darc ecran b5-gambetta-oran','0561390288','','0562375849');

1 row created.

SQL> INSERT INTO CLIENT VALUES(16,'M','ali','laaour','','cite 1er mai ex 137 logements-adrar','0639939410','0561255412','');

1 row created.

SQL> INSERT INTO CLIENT VALUES(17,'M','messoud','aouiz',to_date('24/11/1958', 'DD/MM/YYYY'),'rue saidani abdesslam-ain bessem-bouira','0561439256','0561294268','');

1 row created.

SQL> INSERT INTO CLIENT VALUES(18,'M','farid','akil',to_date('06/05/1961', 'DD/MM/YYYY'),'3 rue larbi ben mhidi-draa el mizan-tizi ouzou','0562349254','0561294268','');

1 row created.

SQL> INSERT INTO CLIENT VALUES(19,'MME','dalila','mouhtadi','','6,bd tripoli oran','0506271459','0506294186','');

1 row created.

SQL> INSERT INTO CLIENT VALUES(20,'M','younes','chalah','','cite des 60 logts bt d n 48-nacira-boumerdes','','0561358279','');

1 row created.

SQL> INSERT INTO CLIENT VALUES(21,'M','boubeker','barkat',to_date('08/11/1935', 'DD/MM/YYYY'),'cite mentouri n 71 bt ab smik constantine','0561824538','0561326179','');

1 row created.

SQL> INSERT INTO CLIENT VALUES(22,'M','seddik','hmia','','25 rue ben yahiya-jijel','0562379513','','0562493627');

1 row created.

SQL> INSERT INTO CLIENT VALUES(23,'M','lamine','merabat',to_date('09/13/1965', 'DD/MM/YYYY'),'cite jeanne d arc ecran b2-gambetta-oran','0561724538','0561724538','');
INSERT INTO CLIENT VALUES(23,'M','lamine','merabat',to_date('09/13/1965', 'DD/MM/YYYY'),'cite jeanne d arc ecran b2-gambetta-oran','0561724538','0561724538','')
                                                            *
ERROR at line 1:
ORA-01843: not a valid month 


SQL> COMMIT;

Commit complete.

SQL> /*..............................*/
SQL> /*EMPLOYE*/

Commit complete.

SQL> INSERT INTO EMPLOYE VALUES(53,'lachemi','bouzid','MECANICIEN',25000);

1 row created.

SQL> INSERT INTO EMPLOYE VALUES(54,'bouchemla','elias','ASSISTANT',10000);

1 row created.

SQL> INSERT INTO EMPLOYE VALUES(55,'hadj','zouhir','ASSISTANT',12000);

1 row created.

SQL> INSERT INTO EMPLOYE VALUES(56,'oussedik','hakim','MECANICIEN',20000);

1 row created.

SQL> INSERT INTO EMPLOYE VALUES(57,'abad','abdelhamid','ASSISTANT',13000);

1 row created.

SQL> INSERT INTO EMPLOYE VALUES(58,'babaci','tayeb','MECANICIEN',21300);

1 row created.

SQL> INSERT INTO EMPLOYE VALUES(59,'belhamidi','mourad','MECANICIEN',19500);

1 row created.

SQL> INSERT INTO EMPLOYE VALUES(60,'igoudjil','redouane','ASSISTANT',15000);

1 row created.

SQL> INSERT INTO EMPLOYE VALUES(61,'koula','bahim','MECANICIEN',23100);

1 row created.

SQL> INSERT INTO EMPLOYE VALUES(62,'rahali','ahcene','MECANICIEN',24000);

1 row created.

SQL> INSERT INTO EMPLOYE VALUES(63,'chaoui','ismail','ASSISTANT',13000);

1 row created.

SQL> INSERT INTO EMPLOYE VALUES(64,'badi','hatem','ASSISTANT',14000);

1 row created.

SQL> INSERT INTO EMPLOYE VALUES(65,'mohammedi','mustapha','MECANICIEN',24000);

1 row created.

SQL> INSERT INTO EMPLOYE VALUES(66,'fekar','abdelaziz','ASSISTANT',13500);

1 row created.

SQL> INSERT INTO EMPLOYE VALUES(67,'saidouni','wahid','MECANICIEN',25000);

1 row created.

SQL> INSERT INTO EMPLOYE VALUES(68,'boularas','farid','ASSISTANT',14000);

1 row created.

SQL> INSERT INTO EMPLOYE VALUES(69,'chaker','nassim','MECANICIEN',26000);

1 row created.

SQL> INSERT INTO EMPLOYE VALUES(71,'terki','yacine','MECANICIEN',23000);

1 row created.

SQL> INSERT INTO EMPLOYE VALUES(72,'tebibel','ahmed','ASSISTANT',17000);

1 row created.

SQL> INSERT INTO EMPLOYE VALUES(80,'lardjoune','karim','',25000);
INSERT INTO EMPLOYE VALUES(80,'lardjoune','karim','',25000)
                                                  *
ERROR at line 1:
ORA-01400: cannot insert NULL into ("TEST"."EMPLOYE"."CATEGORIE") 


SQL> COMMIT;

Commit complete.

SQL> /*.............................*/
SQL> /*MARQUE*/

Commit complete.

SQL> INSERT INTO MARQUE VALUES (1,'lamborghini','italie');

1 row created.

SQL> INSERT INTO MARQUE VALUES (2,'audi','allemagne');

1 row created.

SQL> INSERT INTO MARQUE VALUES (3,'rolls-royce','grand-bretagne');

1 row created.

SQL> INSERT INTO MARQUE VALUES (4,'bmw','allemagne');

1 row created.

SQL> INSERT INTO MARQUE VALUES (5,'cadilac','etats-unis');

1 row created.

SQL> INSERT INTO MARQUE VALUES (6,'chrysler','etats-unis');

1 row created.

SQL> INSERT INTO MARQUE VALUES (7,'ferrari','italie');

1 row created.

SQL> INSERT INTO MARQUE VALUES (8,'honda','japon');

1 row created.

SQL> INSERT INTO MARQUE VALUES (9,'jaguar','grande-bretagne');

1 row created.

SQL> INSERT INTO MARQUE VALUES (10,'alfa-romeo','italie');

1 row created.

SQL> INSERT INTO MARQUE VALUES (11,'lexus','japon');

1 row created.

SQL> INSERT INTO MARQUE VALUES (12,'lotus','grande-bretagne');

1 row created.

SQL> INSERT INTO MARQUE VALUES (13,'maserati','italie');

1 row created.

SQL> INSERT INTO MARQUE VALUES (14,'mercedes','allemagne');

1 row created.

SQL> INSERT INTO MARQUE VALUES (15,'peugeot','france');

1 row created.

SQL> INSERT INTO MARQUE VALUES (16,'porsche','allemagne');

1 row created.

SQL> INSERT INTO MARQUE VALUES (17,'renault','france');

1 row created.

SQL> INSERT INTO MARQUE VALUES (18,'saab','suede');

1 row created.

SQL> INSERT INTO MARQUE VALUES (19,'toyota','japon');

1 row created.

SQL> INSERT INTO MARQUE VALUES (20,'venturi','france');

1 row created.

SQL> INSERT INTO MARQUE VALUES (21,'volvo','suede');

1 row created.

SQL> COMMIT;

Commit complete.

SQL> /*......................................*/
SQL> /* MODELE*/
SQL> INSERT INTO MODELE VALUES (2,1,'diablo');

1 row created.

SQL> INSERT INTO MODELE VALUES (3,2,'série 5');

1 row created.

SQL> INSERT INTO MODELE VALUES (4,10,'nsx');

1 row created.

SQL> INSERT INTO MODELE VALUES (5,14,'classe c');

1 row created.

SQL> INSERT INTO MODELE VALUES (6,17,'safrane');

1 row created.

SQL> INSERT INTO MODELE VALUES (7,20,'400 gt');

1 row created.

SQL> INSERT INTO MODELE VALUES (8,12,'esprit');

1 row created.

SQL> INSERT INTO MODELE VALUES (9,15,'605');

1 row created.

SQL> INSERT INTO MODELE VALUES (10,19,'prévia');

1 row created.

SQL> INSERT INTO MODELE VALUES (11,7,'550 maranello');

1 row created.

SQL> INSERT INTO MODELE VALUES (12,3,'bentley-continental');

1 row created.

SQL> INSERT INTO MODELE VALUES (13,10,'spider');

1 row created.

SQL> INSERT INTO MODELE VALUES (14,13,'evoluzione');

1 row created.

SQL> INSERT INTO MODELE VALUES (15,16,'carrera');

1 row created.

SQL> INSERT INTO MODELE VALUES (16,16,'boxter');

1 row created.

SQL> INSERT INTO MODELE VALUES (17,21,'s 80');

1 row created.

SQL> INSERT INTO MODELE VALUES (18,6,'300 m');

1 row created.

SQL> INSERT INTO MODELE VALUES (19,4,'m 3');

1 row created.

SQL> INSERT INTO MODELE VALUES (20,9,'xj 8');

1 row created.

SQL> INSERT INTO MODELE VALUES (21,15,'406 coupé');

1 row created.

SQL> INSERT INTO MODELE VALUES (22,20,'300 atlantic');

1 row created.

SQL> INSERT INTO MODELE VALUES (23,14,'classe e');

1 row created.

SQL> INSERT INTO MODELE VALUES (24,11,'gs 300');

1 row created.

SQL> INSERT INTO MODELE VALUES (25,5,'séville');

1 row created.

SQL> INSERT INTO MODELE VALUES (26,18,'95 cabriolet');

1 row created.

SQL> INSERT INTO MODELE VALUES (27,2,'tt coupé');

1 row created.

SQL> INSERT INTO MODELE VALUES (28,7,'f 355');

1 row created.

SQL> COMMIT;

Commit complete.

SQL> /*INSERT INTO MODELE VALUES (29,45,'polo');*/

Commit complete.

SQL> /*...................................*/
SQL> /*VEHICULE*/

Commit complete.

SQL> INSERT INTO VEHICULE VALUES (1,2,6,0012519216,'1992');

1 row created.

SQL> INSERT INTO VEHICULE VALUES (2,9,20,0124219316,'1993');

1 row created.

SQL> INSERT INTO VEHICULE VALUES (3,17,8,1452318716,'1987');

1 row created.

SQL> INSERT INTO VEHICULE VALUES (4,6,12,3145219816,'1998');

1 row created.

SQL> INSERT INTO VEHICULE VALUES (5,16,23,1278919816,'1998');

1 row created.

SQL> INSERT INTO VEHICULE VALUES (6,20,6,3853319735,'1997');

1 row created.

SQL> INSERT INTO VEHICULE VALUES (7,7,8,1453119816,'1998');

1 row created.

SQL> INSERT INTO VEHICULE VALUES (8,16,14,8365318601,'1986');

1 row created.

SQL> INSERT INTO VEHICULE VALUES (9,13,15,3087319233,'1992');

1 row created.

SQL> INSERT INTO VEHICULE VALUES (10,20,22,9413119935,'1999');

1 row created.

SQL> INSERT INTO VEHICULE VALUES (11,9,16,1572319801,'1998');

1 row created.

SQL> INSERT INTO VEHICULE VALUES (12,14,20,6025319733,'1997');

1 row created.

SQL> INSERT INTO VEHICULE VALUES (13,19,17,5205319736,'1997');

1 row created.

SQL> INSERT INTO VEHICULE VALUES (14,22,21,7543119207,'1992');

1 row created.

SQL> INSERT INTO VEHICULE VALUES (15,4,19,6254319916,'1999');

1 row created.

SQL> INSERT INTO VEHICULE VALUES (16,16,21,9831419701,'1997');

1 row created.

SQL> INSERT INTO VEHICULE VALUES (17,12,11,4563117607,'1976');

1 row created.

SQL> INSERT INTO VEHICULE VALUES (18,1,2,7973318216,'1982');

1 row created.

SQL> INSERT INTO VEHICULE VALUES (19,18,77,3904318515,'1985');
INSERT INTO VEHICULE VALUES (19,18,77,3904318515,'1985')
*
ERROR at line 1:
ORA-02291: integrity constraint (TEST.FK_VEHICULE_MODELE) violated - parent key
not found 


SQL> INSERT INTO VEHICULE VALUES (20,22,2,1234319707,'1997');

1 row created.

SQL> INSERT INTO VEHICULE VALUES (21,3,19,8429318516,'1985');

1 row created.

SQL> INSERT INTO VEHICULE VALUES (22,8,19,1245619816,'1998');

1 row created.

SQL> INSERT INTO VEHICULE VALUES (23,7,25,1678918516,'1985');

1 row created.

SQL> INSERT INTO VEHICULE VALUES (24,80,9,1789519816,'1998');
INSERT INTO VEHICULE VALUES (24,80,9,1789519816,'1998')
*
ERROR at line 1:
ORA-02291: integrity constraint (TEST.FK_VEHICULE_CLIENT) violated - parent key
not found 


SQL> INSERT INTO VEHICULE VALUES (25,13,5,1278919833,'1998');

1 row created.

SQL> INSERT INTO VEHICULE VALUES (26,3,10,1458919316,'1993');

1 row created.

SQL> INSERT INTO VEHICULE VALUES (27,10,7,1256019804,'1998');

1 row created.

SQL> INSERT INTO VEHICULE VALUES (28,10,3,1986219904,'1999');

1 row created.

SQL> COMMIT;

Commit complete.

SQL> /*...................................*/
SQL> /*INTERVENTIONS*/

Commit complete.

SQL> INSERT INTO INTERVENTIONS VALUES (1,3,'réparation',to_date('2006/02/25 09:00:00','YYYY-MM-DD HH24:MI:SS' ),to_date('2006/02/26 12:00:00','YYYY-MM-DD HH24:MI:SS'),30000);

1 row created.

SQL> INSERT INTO INTERVENTIONS VALUES (2,21,'réparation',to_date('2006-02-23 09:00:00','YYYY-MM-DD HH24:MI:SS' ),to_date('2006-02-24 18:00:00','YYYY-MM-DD HH24:MI:SS' ),10000);

1 row created.

SQL> INSERT INTO INTERVENTIONS VALUES (3,25,'réparation',to_date('2006-04-06 14:00:00','YYYY-MM-DD HH24:MI:SS' ),to_date('2006-04-09 12:00:00','YYYY-MM-DD HH24:MI:SS' ),42000);

1 row created.

SQL> INSERT INTO INTERVENTIONS VALUES (4,10,'entretien', to_date('2006-05-14 09:00:00','YYYY-MM-DD HH24:MI:SS' ),to_date('2006-05-14 18:00:00','YYYY-MM-DD HH24:MI:SS' ),10000);

1 row created.

SQL> INSERT INTO INTERVENTIONS VALUES (5,6,'réparation',to_date('2006-02-22 09:00:00','YYYY-MM-DD HH24:MI:SS' ),to_date('2006-02-25 18:00:00','YYYY-MM-DD HH24:MI:SS' ),40000);

1 row created.

SQL> INSERT INTO INTERVENTIONS VALUES (6,14,'entretien',to_date('2006-03-03 14:00:00','YYYY-MM-DD HH24:MI:SS' ),to_date('2006-03-04 18:00:00','YYYY-MM-DD HH24:MI:SS' ),7500);

1 row created.

SQL> INSERT INTO INTERVENTIONS VALUES (7,1,'entretien',to_date('2006-04-09 09:00:00','YYYY-MM-DD HH24:MI:SS' ),to_date('2006-04-09 18:00:00','YYYY-MM-DD HH24:MI:SS' ),8000);

1 row created.

SQL> INSERT INTO INTERVENTIONS VALUES (8,17,'entretien',to_date('2006-05-11 14:00:00','YYYY-MM-DD HH24:MI:SS' ),to_date('2006-05-12 18:00:00','YYYY-MM-DD HH24:MI:SS' ),9000);

1 row created.

SQL> INSERT INTO INTERVENTIONS VALUES (9,22,'entretien',to_date('2006-02-22 09:00:00','YYYY-MM-DD HH24:MI:SS' ),to_date('2006-02-22 18:00:00','YYYY-MM-DD HH24:MI:SS' ),7960);

1 row created.

SQL> INSERT INTO INTERVENTIONS VALUES (10,2,'entretien et réparation',to_date('2006-04-08 14:00:00','YYYY-MM-DD HH24:MI:SS' ),to_date('2006-04-09 18:00:00','YYYY-MM-DD HH24:MI:SS' ),45000);

1 row created.

SQL> INSERT INTO INTERVENTIONS VALUES (11,28,'réparation',to_date('2006-03-08 14:00:00','YYYY-MM-DD HH24:MI:SS' ),to_date('2006-03-17 12:00:00','YYYY-MM-DD HH24:MI:SS' ),36000);

1 row created.

SQL> INSERT INTO INTERVENTIONS VALUES (12,20,'entretien et réparation',to_date('2006-05-03 09:00:00','YYYY-MM-DD HH24:MI:SS' ),to_date('2006-05-05 18:00:00','YYYY-MM-DD HH24:MI:SS' ),27000);

1 row created.

SQL> INSERT INTO INTERVENTIONS VALUES (13,8,'réparation systeme',to_date('2006-05-12 14:00:00','YYYY-MM-DD HH24:MI:SS' ),to_date('2006-05-12 18:00:00','YYYY-MM-DD HH24:MI:SS' ),17846);

1 row created.

SQL> INSERT INTO INTERVENTIONS VALUES (14,1,'réparation',to_date('2006-05-10 14:00:00','YYYY-MM-DD HH24:MI:SS' ),to_date('2006-05-12 12:00:00','YYYY-MM-DD HH24:MI:SS' ),39000);

1 row created.

SQL> INSERT INTO INTERVENTIONS VALUES (15,20,'réparation systeme',to_date('2006-06-25 09:00:00','YYYY-MM-DD HH24:MI:SS' ),to_date('2006-06-25 12:00:00','YYYY-MM-DD HH24:MI:SS' ),27000);

1 row created.

SQL> INSERT INTO INTERVENTIONS VALUES (16,77,'réparation',to_date('2006-06-27 09:00:00','YYYY-MM-DD HH24:MI:SS' ),to_date('2006-06-30 12:00:00','YYYY-MM-DD HH24:MI:SS' ),25000);
INSERT INTO INTERVENTIONS VALUES (16,77,'réparation',to_date('2006-06-27 09:00:00','YYYY-MM-DD HH24:MI:SS' ),to_date('2006-06-30 12:00:00','YYYY-MM-DD HH24:MI:SS' ),25000)
*
ERROR at line 1:
ORA-02291: integrity constraint (TEST.FK_INTERVENTIONS_VEHICULE) violated -
parent key not found 


SQL> COMMIT;

Commit complete.

SQL> /*.......................................*/
SQL> /*INTERVENANTS*/

Commit complete.

SQL> INSERT INTO INTERVENANT VALUES (1,54,to_date('2006-02-26 09:00:00','YYYY-MM-DD HH24:MI:SS' ),to_date('2006-02-26 12:00:00','YYYY-MM-DD HH24:MI:SS' ));

1 row created.

SQL> INSERT INTO INTERVENANT VALUES (1,59,to_date('2006-02-25 09:00:00','YYYY-MM-DD HH24:MI:SS' ),to_date('2006-02-25 18:00:00','YYYY-MM-DD HH24:MI:SS' ));

1 row created.

SQL> INSERT INTO INTERVENANT VALUES (2,57,to_date('2006:02:24 14:00:00','YYYY-MM-DD HH24:MI:SS' ),to_date('2006-02-24 18:00:00','YYYY-MM-DD HH24:MI:SS' ));

1 row created.

SQL> INSERT INTO INTERVENANT VALUES (2,59,to_date('2006-02-23 09:00:00','YYYY-MM-DD HH24:MI:SS' ),to_date('2006-02-24 12:00:00','YYYY-MM-DD HH24:MI:SS' ));

1 row created.

SQL> INSERT INTO INTERVENANT VALUES (3,60,to_date('2006-04-09 09:00:00','YYYY-MM-DD HH24:MI:SS' ),to_date('2006-04-09 12:00:00','YYYY-MM-DD HH24:MI:SS' ));

1 row created.

SQL> INSERT INTO INTERVENANT VALUES (3,65,to_date('2006-04-06 14:00:00','YYYY-MM-DD HH24:MI:SS' ),to_date('2006-04-08 18:00:00','YYYY-MM-DD HH24:MI:SS' ));

1 row created.

SQL> INSERT INTO INTERVENANT VALUES (4,62,to_date('2006-05-14 09:00:00','YYYY-MM-DD HH24:MI:SS' ),to_date('2006-05-14 12:00:00','YYYY-MM-DD HH24:MI:SS' ));

1 row created.

SQL> INSERT INTO INTERVENANT VALUES (4,66,to_date('2006-02-14 14:00:00','YYYY-MM-DD HH24:MI:SS' ),to_date('2006-05-14 18:00:00','YYYY-MM-DD HH24:MI:SS' ));

1 row created.

SQL> INSERT INTO INTERVENANT VALUES (5,56,to_date('2006-02-22 09:00:00','YYYY-MM-DD HH24:MI:SS' ),to_date('2006-02-25 12:00:00','YYYY-MM-DD HH24:MI:SS' ));

1 row created.

SQL> INSERT INTO INTERVENANT VALUES (5,60,to_date('2006-02-23 09:00:00','YYYY-MM-DD HH24:MI:SS' ),to_date('2006-02-25 18:00:00','YYYY-MM-DD HH24:MI:SS' ));

1 row created.

SQL> INSERT INTO INTERVENANT VALUES (6,53,to_date('2006-03-03 14:00:00','YYYY-MM-DD HH24:MI:SS' ),to_date('2006-03-04 12:00:00','YYYY-MM-DD HH24:MI:SS' ));

1 row created.

SQL> INSERT INTO INTERVENANT VALUES (6,57,to_date('2006-03-04 14:00:00','YYYY-MM-DD HH24:MI:SS' ),to_date('2006-03-04 18:00;00','YYYY-MM-DD HH24:MI:SS' ));

1 row created.

SQL> INSERT INTO INTERVENANT VALUES (7,55,to_date('2006-04-09 14:00:00','YYYY-MM-DD HH24:MI:SS' ),to_date('2006-04-09 18:00:00','YYYY-MM-DD HH24:MI:SS' ));

1 row created.

SQL> INSERT INTO INTERVENANT VALUES (7,65,to_date('2006-04-09 09:00:00','YYYY-MM-DD HH24:MI:SS' ),to_date('2006-04-09 12:00:00','YYYY-MM-DD HH24:MI:SS' ));

1 row created.

SQL> INSERT INTO INTERVENANT VALUES (8,54,to_date('2006-05-12 09:00:00','YYYY-MM-DD HH24:MI:SS' ),to_date('2006-05-12 18:00:00','YYYY-MM-DD HH24:MI:SS' ));

1 row created.

SQL> INSERT INTO INTERVENANT VALUES (8,62,to_date('2006-05-11 14:00:00','YYYY-MM-DD HH24:MI:SS' ),to_date('2006-05-12 12:00:00','YYYY-MM-DD HH24:MI:SS' ));

1 row created.

SQL> INSERT INTO INTERVENANT VALUES (9,59,to_date('2006-02-22 09:00:00','YYYY-MM-DD HH24:MI:SS' ),to_date('2006-02-22 12:00:00','YYYY-MM-DD HH24:MI:SS' ));

1 row created.

SQL> INSERT INTO INTERVENANT VALUES (9,60,to_date('2006-02-22 14:00:00','YYYY-MM-DD HH24:MI:SS' ),to_date('2006-04-09 18:00:00','YYYY-MM-DD HH24:MI:SS' ));

1 row created.

SQL> INSERT INTO INTERVENANT VALUES (10,63,to_date('2006-04-09 14:00:00','YYYY-MM-DD HH24:MI:SS' ),to_date('2006-04-09 18:00:00','YYYY-MM-DD HH24:MI:SS' ));

1 row created.

SQL> INSERT INTO INTERVENANT VALUES (10,67,to_date('2006-04-08 09:00:00','YYYY-MM-DD HH24:MI:SS' ),to_date('2006-04-09 12:00:00','YYYY-MM-DD HH24:MI:SS' ));

1 row created.

SQL> INSERT INTO INTERVENANT VALUES (11,59,to_date('2006-03-09 09:00:00','YYYY-MM-DD HH24:MI:SS' ),to_date('2006-03-11 18:00:00','YYYY-MM-DD HH24:MI:SS' ));

1 row created.

SQL> INSERT INTO INTERVENANT VALUES (11,64,to_date('2006-03-09 09:00:00','YYYY-MM-DD HH24:MI:SS' ),to_date('2006-03-17 12:00:00','YYYY-MM-DD HH24:MI:SS' ));

1 row created.

SQL> INSERT INTO INTERVENANT VALUES (11,53,to_date('2006-03-08 14:00:00','YYYY-MM-DD HH24:MI:SS' ),to_date('2006-03-16 18:00:00','YYYY-MM-DD HH24:MI:SS' ));

1 row created.

SQL> INSERT INTO INTERVENANT VALUES (12,55,to_date('2006-05-05 09:00:00','YYYY-MM-DD HH24:MI:SS' ),to_date('2006-05-05 18:00:00','YYYY-MM-DD HH24:MI:SS' ));

1 row created.

SQL> INSERT INTO INTERVENANT VALUES (12,56,to_date('2006-05-03 09:00:00','YYYY-MM-DD HH24:MI:SS' ),to_date('2006-05-05 12:00:00','YYYY-MM-DD HH24:MI:SS' ));

1 row created.

SQL> INSERT INTO INTERVENANT VALUES (13,64,to_date('2006-05-12 14:00:00','YYYY-MM-DD HH24:MI:SS' ),to_date('2006-05-12 18:00:00','YYYY-MM-DD HH24:MI:SS' ));

1 row created.

SQL> INSERT INTO INTERVENANT VALUES (14,88,to_date('2006-05-07 14:00:00','YYYY-MM-DD HH24:MI:SS' ),to_date('2006-05-10 18:00:00','YYYY-MM-DD HH24:MI:SS' ));
INSERT INTO INTERVENANT VALUES (14,88,to_date('2006-05-07 14:00:00','YYYY-MM-DD HH24:MI:SS' ),to_date('2006-05-10 18:00:00','YYYY-MM-DD HH24:MI:SS' ))
*
ERROR at line 1:
ORA-02291: integrity constraint (TEST.FK_INTERVENANT_EMPLOYE) violated - parent
key not found 


SQL> COMMIT;

Commit complete.

SQL> 
SQL> /* LES PROBLEMES */
SQL> /* VU L'AJOUT D'UNE COLONNE PUIS LA SUPPRESSION D'UNE AUTRE COLONNE DANS LA TABLE
SQL> EMPLOYE IL Y'A UN PROBLEME DE CORRESPONDENCE ENTRE LES ATTRIBUTS ET VALEURES
SQL> 
SQL> LE CLIENT N 23 NE PEUT PAS ETRE NEE LI MOIS : 13 CAR INEXISTANT
SQL> 
SQL> LE VEHICULE 77 N'EXISTE PAS D'OU LA VIOLATION D'INTEGRITEE FK_INTERVENTIONS_VEHICULE
SQL> 
SQL> cannot insert NULL into ("DBAINTERVENTION"."EMPLOYE"."CATEGORIE")
SQL> 
SQL> L'EMPLOYE 88 N'EXISTE PAS D'OU LA VIOLATION D'INTEGRITEE FK_INTERVENANT_EMPLOYE
SQL> */
SQL> 
SQL> /** 12 **/
SQL> /*
SQL> il faut modifier le salaire de l'employé en ajoutant 5000 au salaire actuelle
SQL> */
SQL> UPDATE EMPLOYE SET SALAIRE = SALAIRE + 5000 WHERE PRENOMEMP = 'BADI' AND NOMEMP = 'Hatem'
  2  
SQL> /** 13 **/
SQL> /*desactiver la contrainte*/

0 rows updated.

SQL> ALTER TABLE INTERVENTIONS DISABLE CONSTRAINT SYS_C007119;
ALTER TABLE INTERVENTIONS DISABLE CONSTRAINT SYS_C007119
*
ERROR at line 1:
ORA-02431: cannot disable constraint (SYS_C007119) - no such constraint 


SQL> 
SQL> /*modification*/
ALTER TABLE INTERVENTIONS DISABLE CONSTRAINT SYS_C007119
*
ERROR at line 1:
ORA-02431: cannot disable constraint (SYS_C007119) - no such constraint 


SQL> UPDATE INTERVENTIONS SET DATEDEBINTERV =  DATEDEBINTERV + 5
  2  WHERE EXTRACT(MONTH FROM DATEDEBINTERV) = 2 OR EXTRACT(MONTH FROM DATEFININTERV) = 2 ;
UPDATE INTERVENTIONS SET DATEDEBINTERV =  DATEDEBINTERV + 5
*
ERROR at line 1:
ORA-02290: check constraint (TEST.SYS_C007213) violated 


SQL> 
SQL> /*réactivation de la contrainte*/
UPDATE INTERVENTIONS SET DATEDEBINTERV =  DATEDEBINTERV + 5
*
ERROR at line 1:
ORA-02290: check constraint (TEST.SYS_C007213) violated 


SQL> CREATE TABLE TableErreurs (adresse ROWID, utilisateur VARCHAR2(30), nomTable VARCHAR2(30), nomContrainte
  2  VARCHAR2(30));
CREATE TABLE TableErreurs (adresse ROWID, utilisateur VARCHAR2(30), nomTable VARCHAR2(30), nomContrainte
             *
ERROR at line 1:
ORA-00955: name is already used by an existing object 


SQL> ALTER TABLE INTERVENTIONS ENABLE CONSTRAINT SYS_C007119 EXCEPTIONS INTO TableErreurs;
ALTER TABLE INTERVENTIONS ENABLE CONSTRAINT SYS_C007119 EXCEPTIONS INTO TableErreurs
*
ERROR at line 1:
ORA-02430: cannot enable constraint (SYS_C007119) - no such constraint 


SQL> 
SQL> SELECT * FROM TableErreurs;
rows will be truncated


no rows selected

SQL> 
SQL> /** 14 **/
SQL> DELETE VEHICULE WHERE NUMMODELE IN (SELECT NUMMODELE FROM MODELE WHERE MODELE = 'série 5');
DELETE VEHICULE WHERE NUMMODELE IN (SELECT NUMMODELE FROM MODELE WHERE MODELE = 'série 5')
*
ERROR at line 1:
ORA-02292: integrity constraint (TEST.FK_INTERVENTIONS_VEHICULE) violated -
child record found 


SQL> 
SQL> 
SQL> /** 15 **/
SQL> SELECT MARQUE , MODELE FROM MARQUE MA, MODELE MO WHERE MA.NUMMARQUE = MO.NUMMARQUE;

MARQUE                                   MODELE                                 
---------------------------------------- ---------------------------------------
lamborghini                              diablo                                 
audi                                     série 5                                
alfa-romeo                               nsx                                    
mercedes                                 classe c                               
renault                                  safrane                                
venturi                                  400 gt                                 
lotus                                    esprit                                 
peugeot                                  605                                    
toyota                                   prévia                                 
ferrari                                  550 maranello                          
rolls-royce                              bentley-continental                    
alfa-romeo                               spider                                 
maserati                                 evoluzione                             
porsche                                  carrera                                
porsche                                  boxter                                 
volvo                                    s 80                                   
chrysler                                 300 m                                  
bmw                                      m 3                                    
jaguar                                   xj 8                                   
peugeot                                  406 coupé                              
venturi                                  300 atlantic                           
mercedes                                 classe e                               
lexus                                    gs 300                                 
cadilac                                  séville                                
saab                                     95 cabriolet                           
audi                                     tt coupé                               
ferrari                                  f 355                                  

27 rows selected.

SQL> 
SQL> /** 16 **/
SQL> SELECT V.* FROM VEHICULE V, INTERVENTIONS I WHERE I.NUMVEHICULE = V.NUMVEHICULE;

NUMVEHICULE  NUMCLIENT  NUMMODELE   NUMIMMAT ANNE                               
----------- ---------- ---------- ---------- ----                               
          1          2          6   12519216 1992                               
          1          2          6   12519216 1992                               
          2          9         20  124219316 1993                               
          3         17          8 1452318716 1987                               
          6         20          6 3853319735 1997                               
          8         16         14 8365318601 1986                               
         10         20         22 9413119935 1999                               
         14         22         21 7543119207 1992                               
         17         12         11 4563117607 1976                               
         20         22          2 1234319707 1997                               
         20         22          2 1234319707 1997                               
         21          3         19 8429318516 1985                               
         22          8         19 1245619816 1998                               
         25         13          5 1278919833 1998                               
         28         10          3 1986219904 1999                               

15 rows selected.

SQL> 
SQL> /** 17 **/
SQL> SELECT AVG(DATEFININTERV - DATEDEBINTERV) AS DUREE_MOYENNE FROM INTERVENTIONS;

DUREE_MOYENNE                                                                   
-------------                                                                   
   1.79444444                                                                   

SQL> 
SQL> SPOOL OFF;
